#!/bin/sh -e

export INTERFACE=`cat env/INTERFACE`
export TAP_ADDR=`cat env/TAP_ADDR`
export GATEWAY=`cat env/GATEWAY`
export BRD=`cat env/BRD`
export LOCALIP=`cat env/LOCALIP`
export LOCALPORT=`cat env/LOCALPORT`
export REMOTEIP=`cat env/REMOTEIP`
export REMOTEPORT=`cat env/REMOTEPORT`
export PUBKEY=`cat env/PUBKEY`
export MTU=`cat env/MTU`
export PROTOCOL=`cat env/PROTOCOL 2>/dev/null` || :
export USE_PI=`cat env/USE_PI 2>/dev/null` || export USE_PI=''
[ -z $USE_PI ] && unset USE_PI
export USE_PADDING=`cat env/USE_PADDING 2>/dev/null` || export USE_PADDING=''
[ -z $USE_PADDING ] && unset USE_PADDING
export MAX_PAD_LEN=`cat env/MAX_PAD_LEN 2>/dev/null` || export MAX_PAD_LEN
[ -z $MAX_PAD_LEN ] && unset MAX_PAD_LEN
export ROOT=`cat env/ROOT 2>/dev/null` || :
export IFF_TAP=1

### BC: explicitly set env/REMOTE_FLOAT ###
if [ -e env/REMOTE_FLOAT ]; then export `cat env/REMOTE_FLOAT`
else export REMOTE_FLOAT=1
fi

(
  sleep 4
  ip addr add $TAP_ADDR brd $BRD dev $INTERFACE scope link
  ip addr add $GATEWAY/32 dev $INTERFACE scope global
  ip link set dev $INTERFACE up
  ifconfig $INTERFACE mtu $MTU

  # talamon> a clever way to craft a new addr?
  #
  # ping -c 16 -I $INTERFACE $CLEVER_ADDR -r -w 8

) &

ignchld=''
test -x ignchld && ignchld='./ignchld'
exec $ignchld ./cryptotun$PROTOCOL $LOCALIP $LOCALPORT $REMOTEIP $REMOTEPORT env/SECKEY $PUBKEY $INTERFACE $ROOT
